---
source: src/cli/rendering.rs
expression: ansi_stripped_time_sheet.to_string()
snapshot_kind: text
---
╭───────────────────────────────────────────────────────────────────────────────╮
│ Job name          Task name          Mon   Tue   Wed   Thu   Fri   Sat   Sun  │
├───────────────────────────────────────────────────────────────────────────────┤
│ Job number one    Task number one    8:00  8:00                               │
├───────────────────────────────────────────────────────────────────────────────┤
│ job number two    task number two                8:00  8:00  1:00  1:00       │
├───────────────────────────────────────────────────────────────────────────────┤
│ job number three  task number three                          7:00  7:00  8:00 │
├───────────────────────────────────────────────────────────────────────────────┤
│ Week 47                                                                       │
╰───────────────────────────────────────────────────────────────────────────────╯
