---
source: tests/integration/cli.rs
expression: output
snapshot_kind: text
---
{
  "lines": [
    {
      "job": "Job One",
      "task": "Some task one",
      "week": {
        "friday": 0.0,
        "monday": 8.0,
        "saturday": 0.0,
        "sunday": 0.0,
        "thursday": 0.0,
        "tuesday": 0.0,
        "wednesday": 0.0
      }
    },
    {
      "job": "Job One",
      "task": "Some task two",
      "week": {
        "friday": 0.0,
        "monday": 0.0,
        "saturday": 0.0,
        "sunday": 0.0,
        "thursday": 0.0,
        "tuesday": 0.0,
        "wednesday": 0.0
      }
    }
  ],
  "week_number": 43
}
