---
source: tests/integration/cli.rs
expression: output
snapshot_kind: text
---
Task 'some task four' not found
